// Vitest Snapshot v1

exports[`codegen > interpolation 1`] = `
"const { toDisplayString:_toDisplayString } = Vue
return function render(_ctx, _cache){return _toDisplayString(_ctx.message)}"
`;

exports[`codegen > string 1`] = `
"
return function render(_ctx, _cache){return 'hi'}"
`;
